// Jest Snapshot v1, https://goo.gl/fbAQLP

exports[`Have props Should render the <Header /> 1`] = `"<header data-testid=\\"header\\">SpaceX Launch Program</header>"`;
