// Jest Snapshot v1, https://goo.gl/fbAQLP

exports[`LayoutContainer Should render the <Layoutcontainer /> 1`] = `"<main class=\\"layout-content-container\\"><header data-testid=\\"header\\">SpaceX Launch Program</header><div class=\\"layout-columns layout-columns--20-80-large layout-columns--2-medium\\"><div class=\\"layout-columns__column\\"><div class=\\"filters\\"><h2>Filters</h2><div class=\\"title\\"><p class=\\"header-title\\">Launch Year</p><hr aria-hidden=\\"true\\"><button type=\\"button\\" name=\\"year\\" id=\\"year0\\" class=\\"btn btn-primary btn-custom\\" value=\\"2006\\" data-testid=\\"button\\">2006</button><button type=\\"button\\" name=\\"year\\" id=\\"year1\\" class=\\"btn btn-primary btn-custom\\" value=\\"2007\\" data-testid=\\"button\\">2007</button><button type=\\"button\\" name=\\"year\\" id=\\"year2\\" class=\\"btn btn-primary btn-custom\\" value=\\"2008\\" data-testid=\\"button\\">2008</button><button type=\\"button\\" name=\\"year\\" id=\\"year3\\" class=\\"btn btn-primary btn-custom\\" value=\\"2009\\" data-testid=\\"button\\">2009</button><button type=\\"button\\" name=\\"year\\" id=\\"year4\\" class=\\"btn btn-primary btn-custom\\" value=\\"2010\\" data-testid=\\"button\\">2010</button><button type=\\"button\\" name=\\"year\\" id=\\"year5\\" class=\\"btn btn-primary btn-custom\\" value=\\"2012\\" data-testid=\\"button\\">2012</button><button type=\\"button\\" name=\\"year\\" id=\\"year6\\" class=\\"btn btn-primary btn-custom\\" value=\\"2013\\" data-testid=\\"button\\">2013</button><button type=\\"button\\" name=\\"year\\" id=\\"year7\\" class=\\"btn btn-primary btn-custom\\" value=\\"2014\\" data-testid=\\"button\\">2014</button><button type=\\"button\\" name=\\"year\\" id=\\"year8\\" class=\\"btn btn-primary btn-custom\\" value=\\"2015\\" data-testid=\\"button\\">2015</button><button type=\\"button\\" name=\\"year\\" id=\\"year9\\" class=\\"btn btn-primary btn-custom\\" value=\\"2016\\" data-testid=\\"button\\">2016</button><button type=\\"button\\" name=\\"year\\" id=\\"year10\\" class=\\"btn btn-primary btn-custom\\" value=\\"2017\\" data-testid=\\"button\\">2017</button><button type=\\"button\\" name=\\"year\\" id=\\"year11\\" class=\\"btn btn-primary btn-custom\\" value=\\"2018\\" data-testid=\\"button\\">2018</button><button type=\\"button\\" name=\\"year\\" id=\\"year12\\" class=\\"btn btn-primary btn-custom\\" value=\\"2019\\" data-testid=\\"button\\">2019</button><button type=\\"button\\" name=\\"year\\" id=\\"year13\\" class=\\"btn btn-primary btn-custom\\" value=\\"2020\\" data-testid=\\"button\\">2020</button></div><div class=\\"launch\\"><p class=\\"header-title\\">Successful Launch</p><hr aria-hidden=\\"true\\"><button type=\\"button\\" name=\\"launch\\" id=\\"launch0\\" class=\\"btn btn-primary btn-custom\\" value=\\"True\\" data-testid=\\"button\\">True</button><button type=\\"button\\" name=\\"launch\\" id=\\"launch1\\" class=\\"btn btn-primary btn-custom\\" value=\\"False\\" data-testid=\\"button\\">False</button></div><div class=\\"land\\"><p class=\\"header-title\\">Successful Landing</p><hr aria-hidden=\\"true\\"><button type=\\"button\\" name=\\"land\\" id=\\"land0\\" class=\\"btn btn-primary btn-custom\\" value=\\"True\\" data-testid=\\"button\\">True</button><button type=\\"button\\" name=\\"land\\" id=\\"land1\\" class=\\"btn btn-primary btn-custom\\" value=\\"False\\" data-testid=\\"button\\">False</button></div></div></div><div class=\\"layout-columns__column\\"><div class=\\"layout-columns layout-columns--2-medium layout-columns--4-large\\"><div class=\\"card-contentainer layout-columns__column m-card\\"><div class=\\"card-image\\"><img src=\\"https://images2.imgbox.com/3c/0e/T8iJcSN3_o.png\\" alt=\\"FalconSat\\"></div><div class=\\"card-content\\"><h3 class=\\"card-heading\\" data-testid=\\"card-heading\\">FalconSat#1</h3><p data-testid=\\"missionid\\">Mission Ids:</p><p data-testid=\\"launchYear\\">Launch Year:2006</p><p data-testid=\\"launchSuccess\\">Successful launch:False</p><p data-testid=\\"landSuccess\\">Successful landing:False</p></div></div></div></div><footer data-testid=\\"footer\\">Developed by: Nissy Johnson</footer></div></main>"`;
